Usage: [--project PROJECT] [--module MODULE] [--app APP] [--file FILE] [--rebar] [--as PROFILE] [--include-generated] [--include-tests] [--no-diags] [[--format FORMAT]] [--prefix ARG] [--include-erlc-diagnostics] [--include-ct-diagnostics] [--include-edoc-diagnostics] [--include-eqwalizer-diagnostics] [--include-suppressed] [--use-cli-severity] [--diagnostic-ignore CODE] [--diagnostic-filter CODE] [--experimental] [--read-config] [--config-file CONFIG_FILE] [--apply-fix] [--ignore-fix-only] [--in-place] [--to TO] [--recursive] [--with-check] [--check-eqwalize-all] [--one-shot] [--report-system-stats] <IGNORED_APPS>...

Available positional items:
    <IGNORED_APPS>  Rest of args are space separated list of apps to ignore

Available options:
        --project <PROJECT>              Path to directory with project, or to a JSON file (defaults to `.`)
        --module <MODULE>                Parse a single module from the project, not the entire project.
        --app <APP>                      Parse a single application from the project, not the entire project.
        --file <FILE>                    Parse a single file from the project, not the entire project. This can be an include file or escript, etc.
        --rebar                          Run with rebar
        --as <PROFILE>                   Rebar3 profile to pickup (default is test)
        --include-generated              Also generate diagnostics for generated files
        --include-tests                  Also generate diagnostics for test files
        --no-diags                       Do not print the full diagnostics for a file, just the count
        --format <FORMAT>                Show diagnostics in JSON format
        --prefix <ARG>                   Optional prefix to prepend to each diagnostic file path. Only used when --format=json is set
        --include-erlc-diagnostics       Include diagnostics produced by erlc
        --include-ct-diagnostics         Include Common Test diagnostics
        --include-edoc-diagnostics       Include EDoc diagnostics
        --include-eqwalizer-diagnostics  Include Eqwalizer diagnostics
        --include-suppressed             Include Suppressed diagnostics (e.g. elp:fixme)
        --use-cli-severity               If specified, use the provided CLI severity mapping instead of the default one
        --diagnostic-ignore <CODE>       Ignore the specified diagnostic, by code or label
        --diagnostic-filter <CODE>       Filter out all reported diagnostics except this one, by code or label
        --experimental                   Report experimental diagnostics too, if diagnostics are enabled
        --read-config                    Get some configuration from a .elp_lint.toml file instead in the project root
        --config-file <CONFIG_FILE>      Override normal configuration file. When set, acts as if READ_CONFIG is true.
        --apply-fix                      If the diagnostic has an associated fix, apply it. The modified file will be in the --to directory, or original file if --in-place is set.
        --ignore-fix-only                Only apply elp:ignore fixes
        --in-place                       When applying a fix, modify the original file.
        --to <TO>                        When applying a fix, put the results in this directory path
        --recursive                      If applying fixes, apply any new ones that arise from the
                                         prior fixes recursively. Limited in scope to the clause of the
                                         prior change.
        --with-check                     After applying a fix step, check that the diagnostics are clear, else roll back
        --check-eqwalize-all             After applying a fix step, check that all eqwalizer project diagnostics are clear, else roll back
        --one-shot                       Apply to all matching diagnostic occurrences at once, rather
                                         than one at a time.
        --report-system-stats            Report system memory usage and other statistics
    -h, --help                           Prints help information
