Usage: [--project PROJECT] [--to TO] [--buck-query] [--target-types]

Available options:
        --project <PROJECT>  Path to directory with project, or to a JSON file (defaults to `.`)
        --to <TO>            Path to a directory where to dump wa.build_info
        --buck-query         Include the buck uquery results in the output
        --target-types       Dump a list of targets and their types
    -h, --help               Prints help information
