Usage: [--project PROJECT] [--module MODULE] [--app APP] [--file FILE] [--rebar] [--as PROFILE] [--include-generated] [--include-tests] [[--format FORMAT]] [[--macros STRATEGY]] [--parens] [--report-system-stats] <SSR_SPECS>...

Available positional items:
    <SSR_SPECS>  SSR specs to use

Available options:
        --project <PROJECT>    Path to directory with project, or to a JSON file (defaults to `.`)
        --module <MODULE>      Parse a single module from the project, not the entire project.
        --app <APP>            Parse a single application from the project, not the entire project.
        --file <FILE>          Parse a single file from the project, not the entire project. This can be an include file or escript, etc.
        --rebar                Run with rebar
        --as <PROFILE>         Rebar3 profile to pickup (default is test)
        --include-generated    Also generate diagnostics for generated files
        --include-tests        Also generate diagnostics for test files
        --format <FORMAT>      Show diagnostics in JSON format
        --macros <STRATEGY>    Macro expansion strategy: expand | no-expand | visible-expand (default expand)
        --parens               Explicitly match parentheses. If omitted, they are ignored.
        --report-system-stats  Report system memory usage and other statistics
    -h, --help                 Prints help information
