[{"predicate":"src.File","facts":[{"id":10072,"key":"/local/whatsapp/server/erl/groupd_service/test/p13n/grpd_p13n_new_create_group_SUITE.erl"}]},{"predicate":"src.FileLines","facts":[{"key":{"file":10072,"lengths":[71,42],"endsInNewline":true,"hasUnicodeOrTabs":true}}]},{"predicate":"erlang.FunctionDeclaration","facts":[{"key":{"file":10072,"fqn":{"module":"smax_product_catalog","name":"product_visibility_update_request_iq","arity":0},"span":{"start":0,"length":10}}}]},{"predicate":"erlang.XRefsViaFqnByFile","facts":[{"key":{"file":10072,"xrefs":[{"source":{"start":0,"length":10},"target":{"module":"smax_product_catalog","name":"product_visibility_update_request_iq","arity":0}}]}}]},{"predicate":"erlang.DeclarationComment","facts":[]},{"predicate":"erlang.Module","facts":[]}]