{"path":"app_a/src/diagnostics.erl","line":3,"char":10,"code":"ELP","severity":"disabled","name":"W0037 (unspecific_include)","original":null,"replacement":null,"description":"Unspecific include.\n\nFor more information see: /erlang-error-index/w/W0037","docPath":"website/docs/erlang-error-index/w/W0037.md"}
{"path":"app_a/src/diagnostics.erl","line":4,"char":1,"code":"ELP","severity":"error","name":"L0000 (L0000)","original":null,"replacement":null,"description":"Issue in included file\n\nFor more information see: /erlang-error-index/l/L0000","docPath":null}
{"path":"app_a/src/diagnostics.erl","line":4,"char":10,"code":"ELP","severity":"disabled","name":"W0037 (unspecific_include)","original":null,"replacement":null,"description":"Unspecific include.\n\nFor more information see: /erlang-error-index/w/W0037","docPath":"website/docs/erlang-error-index/w/W0037.md"}
{"path":"app_a/src/diagnostics.erl","line":6,"char":31,"code":"ELP","severity":"error","name":"L1295 (L1295)","original":null,"replacement":null,"description":"type undefined_type/0 undefined\n\nFor more information see: /erlang-error-index/l/L1295","docPath":null}
{"path":"app_a/src/diagnostics.erl","line":7,"char":1,"code":"ELP","severity":"warning","name":"L1230 (L1230)","original":null,"replacement":null,"description":"function main/1 is unused\n\nFor more information see: /erlang-error-index/l/L1230","docPath":null}
{"path":"app_a/src/diagnostics.erl","line":10,"char":1,"code":"ELP","severity":"warning","name":"L1230 (L1230)","original":null,"replacement":null,"description":"function foo/0 is unused\n\nFor more information see: /erlang-error-index/l/L1230","docPath":null}
