{"path":"my/prefix/app_a/src/app_a.erl","line":9,"char":6,"code":"ELP","severity":"warning","name":"W0010 (unused_function_arg)","original":null,"replacement":null,"description":"this variable is unused\n\nFor more information see: /erlang-error-index/w/W0010","docPath":"website/docs/erlang-error-index/w/W0010.md"}
{"path":"my/prefix/app_a/src/app_a_unused_param.erl","line":5,"char":5,"code":"ELP","severity":"warning","name":"W0010 (unused_function_arg)","original":null,"replacement":null,"description":"this variable is unused\n\nFor more information see: /erlang-error-index/w/W0010","docPath":"website/docs/erlang-error-index/w/W0010.md"}
{"path":"my/prefix/app_b/src/app_b_unused_param.erl","line":5,"char":5,"code":"ELP","severity":"warning","name":"W0010 (unused_function_arg)","original":null,"replacement":null,"description":"this variable is unused\n\nFor more information see: /erlang-error-index/w/W0010","docPath":"website/docs/erlang-error-index/w/W0010.md"}
