{"path":"app_a/src/app_a.erl","line":5,"char":5,"code":"ELP","severity":"warning","name":"W0011 (application_get_env)","original":null,"replacement":null,"description":"module `app_a` belongs to app `app_a`, but reads env for `misc`\n\nFor more information see: /erlang-error-index/w/W0011","docPath":"website/docs/erlang-error-index/w/W0011.md"}
{"path":"app_a/src/app_a.erl","line":1,"char":1,"code":"ELP","severity":"error","name":"W0012 (compile-warn-missing-spec)","original":null,"replacement":null,"description":"Please add \"-compile(warn_missing_spec_all).\" to the module. If exported functions are not all specced, they need to be specced.\n\nFor more information see: /erlang-error-index/w/W0012","docPath":"website/docs/erlang-error-index/w/W0012.md"}
{"path":"app_a/src/app_a.erl","line":9,"char":1,"code":"ELP","severity":"error","name":"P1700 (head_mismatch)","original":null,"replacement":null,"description":"head mismatch 'fooX' vs 'food'\n\nFor more information see: /erlang-error-index/p/P1700","docPath":null}
{"path":"app_a/src/app_a.erl","line":8,"char":7,"code":"ELP","severity":"warning","name":"W0018 (unexpected_semi_or_dot)","original":null,"replacement":null,"description":"Unexpected ';'\n\nFor more information see: /erlang-error-index/w/W0018","docPath":"website/docs/erlang-error-index/w/W0018.md"}
{"path":"app_a/src/app_a.erl","line":1,"char":9,"code":"ELP","severity":"disabled","name":"W0046 (undocumented_module)","original":null,"replacement":null,"description":"The module is not documented.\n\nFor more information see: /erlang-error-index/w/W0046","docPath":"website/docs/erlang-error-index/w/W0046.md"}
{"path":"app_a/src/app_a.erl","line":13,"char":5,"code":"ELP","severity":"warning","name":"W0026 (unexported_function)","original":null,"replacement":null,"description":"Function 'app_a:baz/2' is not exported.\n\nFor more information see: /erlang-error-index/w/W0026","docPath":"website/docs/erlang-error-index/w/W0026.md"}
{"path":"app_a/src/app_a.erl","line":12,"char":1,"code":"ELP","severity":"warning","name":"L1230 (L1230)","original":null,"replacement":null,"description":"function bar/0 is unused\n\nFor more information see: /erlang-error-index/l/L1230","docPath":null}
{"path":"app_a/src/app_a.erl","line":16,"char":1,"code":"ELP","severity":"warning","name":"L1230 (L1230)","original":null,"replacement":null,"description":"function baz/2 is unused\n\nFor more information see: /erlang-error-index/l/L1230","docPath":null}
{"path":"app_a/src/app_a_edoc.erl","line":1,"char":1,"code":"ELP","severity":"error","name":"W0012 (compile-warn-missing-spec)","original":null,"replacement":null,"description":"Please add \"-compile(warn_missing_spec_all).\" to the module. If exported functions are not all specced, they need to be specced.\n\nFor more information see: /erlang-error-index/w/W0012","docPath":"website/docs/erlang-error-index/w/W0012.md"}
{"path":"app_a/src/app_a_edoc.erl","line":1,"char":9,"code":"ELP","severity":"disabled","name":"W0046 (undocumented_module)","original":null,"replacement":null,"description":"The module is not documented.\n\nFor more information see: /erlang-error-index/w/W0046","docPath":"website/docs/erlang-error-index/w/W0046.md"}
{"path":"app_a/src/app_a_unused_param.erl","line":1,"char":1,"code":"ELP","severity":"error","name":"W0012 (compile-warn-missing-spec)","original":null,"replacement":null,"description":"Please add \"-compile(warn_missing_spec_all).\" to the module. If exported functions are not all specced, they need to be specced.\n\nFor more information see: /erlang-error-index/w/W0012","docPath":"website/docs/erlang-error-index/w/W0012.md"}
{"path":"app_a/src/app_a_unused_param.erl","line":1,"char":9,"code":"ELP","severity":"disabled","name":"W0046 (undocumented_module)","original":null,"replacement":null,"description":"The module is not documented.\n\nFor more information see: /erlang-error-index/w/W0046","docPath":"website/docs/erlang-error-index/w/W0046.md"}
{"path":"app_a/src/app_a_unused_param.erl","line":5,"char":5,"code":"ELP","severity":"warning","name":"L1268 (L1268)","original":null,"replacement":null,"description":"variable 'X' is unused\n\nFor more information see: /erlang-error-index/l/L1268","docPath":null}
{"path":"app_b/src/app_b.erl","line":5,"char":5,"code":"ELP","severity":"warning","name":"W0011 (application_get_env)","original":null,"replacement":null,"description":"module `app_b` belongs to app `app_b`, but reads env for `misc`\n\nFor more information see: /erlang-error-index/w/W0011","docPath":"website/docs/erlang-error-index/w/W0011.md"}
{"path":"app_b/src/app_b.erl","line":1,"char":1,"code":"ELP","severity":"error","name":"W0012 (compile-warn-missing-spec)","original":null,"replacement":null,"description":"Please add \"-compile(warn_missing_spec_all).\" to the module. If exported functions are not all specced, they need to be specced.\n\nFor more information see: /erlang-error-index/w/W0012","docPath":"website/docs/erlang-error-index/w/W0012.md"}
{"path":"app_b/src/app_b.erl","line":1,"char":9,"code":"ELP","severity":"disabled","name":"W0046 (undocumented_module)","original":null,"replacement":null,"description":"The module is not documented.\n\nFor more information see: /erlang-error-index/w/W0046","docPath":"website/docs/erlang-error-index/w/W0046.md"}
{"path":"app_b/src/app_b_unused_param.erl","line":1,"char":1,"code":"ELP","severity":"error","name":"W0012 (compile-warn-missing-spec)","original":null,"replacement":null,"description":"Please add \"-compile(warn_missing_spec_all).\" to the module. If exported functions are not all specced, they need to be specced.\n\nFor more information see: /erlang-error-index/w/W0012","docPath":"website/docs/erlang-error-index/w/W0012.md"}
{"path":"app_b/src/app_b_unused_param.erl","line":1,"char":9,"code":"ELP","severity":"disabled","name":"W0046 (undocumented_module)","original":null,"replacement":null,"description":"The module is not documented.\n\nFor more information see: /erlang-error-index/w/W0046","docPath":"website/docs/erlang-error-index/w/W0046.md"}
{"path":"app_b/src/app_b_unused_param.erl","line":5,"char":5,"code":"ELP","severity":"warning","name":"L1268 (L1268)","original":null,"replacement":null,"description":"variable 'X' is unused\n\nFor more information see: /erlang-error-index/l/L1268","docPath":null}
{"path":"app_a/src/custom_function_matches.erl","line":13,"char":5,"code":"ELP","severity":"warning","name":"W0017 (undefined_function)","original":null,"replacement":null,"description":"Function 'excluded:function/0' is undefined.\n\nFor more information see: /erlang-error-index/w/W0017","docPath":"website/docs/erlang-error-index/w/W0017.md"}
{"path":"app_a/src/custom_function_matches.erl","line":14,"char":5,"code":"ELP","severity":"warning","name":"W0017 (undefined_function)","original":null,"replacement":null,"description":"Function 'not_excluded:function/0' is undefined.\n\nFor more information see: /erlang-error-index/w/W0017","docPath":"website/docs/erlang-error-index/w/W0017.md"}
{"path":"app_a/src/custom_function_matches.erl","line":15,"char":5,"code":"ELP","severity":"warning","name":"W0017 (undefined_function)","original":null,"replacement":null,"description":"Function 'cross:call/0' is undefined.\n\nFor more information see: /erlang-error-index/w/W0017","docPath":"website/docs/erlang-error-index/w/W0017.md"}
{"path":"app_a/src/expression_updates_literal.erl","line":2,"char":9,"code":"ELP","severity":"disabled","name":"W0046 (undocumented_module)","original":null,"replacement":null,"description":"The module is not documented.\n\nFor more information see: /erlang-error-index/w/W0046","docPath":"website/docs/erlang-error-index/w/W0046.md"}
{"path":"app_a/src/expression_updates_literal.erl","line":7,"char":1,"code":"ELP","severity":"warning","name":"L1309 (L1309)","original":null,"replacement":null,"description":"missing specification for function a_fun/0\n\nFor more information see: /erlang-error-index/l/L1309","docPath":null}
{"path":"app_a/src/expression_updates_literal.erl","line":8,"char":7,"code":"ELP","severity":"warning","name":"L1318 (L1318)","original":null,"replacement":null,"description":"expression updates a literal\n\nFor more information see: /erlang-error-index/l/L1318","docPath":null}
{"path":"app_a/src/spelling.erl","line":2,"char":2,"code":"ELP","severity":"error","name":"W0013 (misspelled_attribute)","original":null,"replacement":null,"description":"misspelled attribute, saw 'dyalizer' but expected 'dialyzer'\n\nFor more information see: /erlang-error-index/w/W0013","docPath":"website/docs/erlang-error-index/w/W0013.md"}
{"path":"app_a/src/spelling.erl","line":1,"char":1,"code":"ELP","severity":"error","name":"W0012 (compile-warn-missing-spec)","original":null,"replacement":null,"description":"Please add \"-compile(warn_missing_spec_all).\" to the module. If exported functions are not all specced, they need to be specced.\n\nFor more information see: /erlang-error-index/w/W0012","docPath":"website/docs/erlang-error-index/w/W0012.md"}
{"path":"app_a/src/spelling.erl","line":1,"char":9,"code":"ELP","severity":"disabled","name":"W0046 (undocumented_module)","original":null,"replacement":null,"description":"The module is not documented.\n\nFor more information see: /erlang-error-index/w/W0046","docPath":"website/docs/erlang-error-index/w/W0046.md"}
