invalid SSR pattern 'ssr: {_@A, = _@B}.': Parse error: Could not lower rule
