errors parsing "{project_path}/elp_lint_ssr_adhoc_parse_fail.toml": invalid SSR pattern 'ssr: {_@A, = 10}.': Parse error: Could not lower rule for key `ad_hoc_lints.lints` at line 3 column 1
