Matches found in 1 modules:
  app_a_ssr: 2
      6:9-6:14::[WeakWarning] [ad-hoc: ssr-match] SSR pattern matched: ssr: 3.
      10:10-10:17::[WeakWarning] [ad-hoc: ssr-match] SSR pattern matched: ssr: {4}.
