Matches found in 1 modules:
  app_a_ssr: 1
      10:10-10:17::[WeakWarning] [ad-hoc: ssr-match] SSR pattern matched: ssr: ?BAR(_@AA).
