Matches found in 1 modules:
  app_a_ssr: 1
      6:9-6:14::[WeakWarning] [ad-hoc: ssr-match] SSR pattern matched: ssr: (((3))).
