Reporting all diagnostics codes
Diagnostics reported in 4 modules:
  app_a: 3
      0:0-0:0::[Error] [W0012] Please add "-compile(warn_missing_spec_all)." to the module. If exported functions are not all specced, they need to be specced.
      5:9-5:31::[WeakWarning] [W0037] Unspecific include.
      0:8-0:13::[WeakWarning] [W0046] The module is not documented.
  auto_gen_a: 2
      0:0-0:0::[Error] [W0012] Please add "-compile(warn_missing_spec_all)." to the module. If exported functions are not all specced, they need to be specced.
      0:8-0:18::[WeakWarning] [W0046] The module is not documented.
  eqwalizer: 1
      1:8-1:17::[WeakWarning] [W0046] The module is not documented.
  wa_buck2_module_search: 6
      19:0-19:18::[WeakWarning] [W0040] The function is non-trivial, exported, but not documented.
      2:8-2:30::[WeakWarning] [W0046] The module is not documented.
      54:18-54:31::[WeakWarning] [W0051] Binary string can be written using sigil syntax.
      56:18-56:28::[WeakWarning] [W0051] Binary string can be written using sigil syntax.
      56:38-56:51::[WeakWarning] [W0051] Binary string can be written using sigil syntax.
      60:30-60:40::[WeakWarning] [W0051] Binary string can be written using sigil syntax.
